cwd=/Volumes/My Shared Files/AI_WORKSPACE/parley-deck/worktrees/quota-auto-exclude
command=["go", "run", "./.parley-runtime/quota-implementation/fixup-2/checks/differential-current", "/Volumes/My Shared Files/AI_WORKSPACE/parley-deck/worktrees/quota-auto-exclude/.parley-runtime/quota-implementation/fixup-2/checks/shared-acceptance/differential"]
env overrides={"GOCACHE": "/tmp/quota-auto-exclude-go-cache", "PATH-prefix": "/Volumes/My Shared Files/AI_WORKSPACE/parley-deck/worktrees/quota-auto-exclude/.parley-runtime/quota-implementation/fixup-2/checks/no-provider-bin"}
excluded reason with em dash exit=0 stdout=Appended signoff for a to /Volumes/My Shared Files/AI_WORKSPACE/parley-deck/worktrees/quota-auto-exclude/.parley-runtime/quota-implementation/fixup-2/checks/shared-acceptance/differential/parley-deck/ideas/2026-10-06T14-05-56-cycle2-different/consensus.md
Consensus: partial
Path: /Volumes/My Shared Files/AI_WORKSPACE/parley-deck/worktrees/quota-auto-exclude/.parley-runtime/quota-implementation/fixup-2/checks/shared-acceptance/differential/parley-deck/ideas/2026-10-06T14-05-56-cycle2-different/consensus.md
Missing signoffs: b,c
Signoffs:
  a          ✅ ACCEPT
 stderr=
known return plain participants edit exit=0 stdout=Appended signoff for d to /Volumes/My Shared Files/AI_WORKSPACE/parley-deck/worktrees/quota-auto-exclude/.parley-runtime/quota-implementation/fixup-2/checks/shared-acceptance/differential/parley-deck/ideas/2026-10-06T14-05-56-cycle2-different/consensus.md
Consensus: partial
Path: /Volumes/My Shared Files/AI_WORKSPACE/parley-deck/worktrees/quota-auto-exclude/.parley-runtime/quota-implementation/fixup-2/checks/shared-acceptance/differential/parley-deck/ideas/2026-10-06T14-05-56-cycle2-different/consensus.md
Missing signoffs: b,c
Signoffs:
  a          ✅ ACCEPT
  d          ✅ ACCEPT
 stderr=
late round-1 and plain participants join exit=0 stdout=Appended signoff for e to /Volumes/My Shared Files/AI_WORKSPACE/parley-deck/worktrees/quota-auto-exclude/.parley-runtime/quota-implementation/fixup-2/checks/shared-acceptance/differential/parley-deck/ideas/2026-10-06T14-05-56-cycle2-different/consensus.md
Consensus: partial
Path: /Volumes/My Shared Files/AI_WORKSPACE/parley-deck/worktrees/quota-auto-exclude/.parley-runtime/quota-implementation/fixup-2/checks/shared-acceptance/differential/parley-deck/ideas/2026-10-06T14-05-56-cycle2-different/consensus.md
Missing signoffs: b,c
Signoffs:
  a          ✅ ACCEPT
  d          ✅ ACCEPT
  e          ✅ ACCEPT
 stderr=
three immutable manual revisions; no owner-confirmed authority
